# Compliant
DATABASE_PASSWORD=""

# Non Compliant
DATABASE_PASSWORD=Pa$$w0rd
DATABASE_PASSWORD="Pa$$w0rd"
