variables:
  GITLAB_TOKEN: HM21331O:m3ayCgXQ#zK2RYWhYF=E
