FROM alpine

# Compliant
ENV API_TOKEN ""
ENV API_TOKEN=
ENV API_TOKEN=""
ENV API_TOKEN $API_TOKEN
ENV API_TOKEN=$API_TOKEN

# Non Compliant
ENV API_TOKEN ""
ENV API_TOKEN=
ENV API_TOKEN=""
