# Compliant
ACCESS_KEY=""
ACCESS_KEY=${SECRET_KEY}

# Non Compliant
GITLAB_TOKEN="t&XG+FJ%M@8XYv5a!xaR"
