- conditions:
  - type: length
    condition: %s
    rejection_message: %s
  enabled: true
  type: commit
