version: "develop"
hooks:
  - name: global
    rules:
      - type: commit
        conditions:
          - type: pattern
            condition: %s
            rejection_message: "%s"
            skip: %s
