version: "develop"
hooks:
  - name: global
    type: pre-receive
    rules:
      - type: file
        conditions:
          - type: size
            condition: %s
            rejection_message: %s
