version: "develop"
hooks:
  - name: global
    rules:
    - type: security
      conditions:
      - type: secret
        rejection_message: Secrets, token and passwords are forbidden, `{{ .Object }}:{{ Hide .Value 4 }}`
