version: "develop"
hooks:
  - name: global
    rules:
    - type: security
      conditions:
      - type: secret
        ignore: true
        skip: .*.json|tests/.*
