variables:
  GITLAB_TOKEN: USERNAME:t&XG+FJ%M@8XYv5a!xaR
