<project>
  <modelVersion>4.0.0</modelVersion>
  <groupId>com.acme.watchdog</groupId>
  <artifactId>watchdog</artifactId>
  <version>1.1.0</version>
</project>
