apiVersion: v1
kind: Secret
metadata:
  name: watchdog
type: Opaque
data:
  GITHUB_PRIVATEKEY: {{.GITHUB_PRIVATE_KEY}}
  GITHUB_WEBHOOKSECRET: {{.GITHUB_WEBHOOK_SECRET}}
